WARNING | Please update the emulator to one that supports the feature(s): Vulkan
HAXM is deprecated and not supported by Intel any more. Please download and install Android Emulator Hypervisor Driver for AMD Processors, which also supports Intel Processors. Installing from SDK Manager is comming soon.
INFO    | Ignore IPv6 address: 808:cbd9:c101:0:c0e0:cad9:c101:0 (2x)
WARNING | FeatureControl is requesting a non existing feature.
I1005 23:08:00.629274    5936 HealthMonitor.cpp:279] HealthMonitor disabled.
added library vulkan-1.dll
initialize: Supports id properties, got a vulkan device UUID
I1005 23:08:00.824516    5936 VkCommonOperations.cpp:1225] Initializing VkEmulation features:
I1005 23:08:00.824808    5936 VkCommonOperations.cpp:1226]     glInteropSupported: false
I1005 23:08:00.824978    5936 VkCommonOperations.cpp:1227]     useDeferredCommands: true
I1005 23:08:00.825153    5936 VkCommonOperations.cpp:1229]     createResourceWithRequirements: true
I1005 23:08:00.825428    5936 VkCommonOperations.cpp:1230]     useVulkanComposition: false
I1005 23:08:00.825617    5936 VkCommonOperations.cpp:1231]     useVulkanNativeSwapchain: false
I1005 23:08:00.825787    5936 VkCommonOperations.cpp:1232]     enable guestRenderDoc: false
I1005 23:08:00.825952    5936 VkCommonOperations.cpp:1233]     ASTC LDR emulation mode: 2
I1005 23:08:00.826115    5936 VkCommonOperations.cpp:1234]     enable ETC2 emulation: true
I1005 23:08:00.826281    5936 VkCommonOperations.cpp:1235]     enable Ycbcr emulation: false
I1005 23:08:00.826449    5936 VkCommonOperations.cpp:1236]     guestUsesAngle: false
I1005 23:08:00.826612    5936 VkCommonOperations.cpp:1237]     useDedicatedAllocations: false
I1005 23:08:00.827780    5936 FrameBuffer.cpp:486] Graphics Adapter Vendor Google (Google Inc.)
I1005 23:08:00.827976    5936 FrameBuffer.cpp:487] Graphics Adapter Android Emulator OpenGL ES Translator (Google SwiftShader)
I1005 23:08:00.828142    5936 FrameBuffer.cpp:488] Graphics API Version OpenGL ES 3.0 (OpenGL ES 3.0 SwiftShader 4.0.0.1)
I1005 23:08:00.828303    5936 FrameBuffer.cpp:489] Graphics API Extensions GL_OES_EGL_sync GL_OES_EGL_image GL_OES_EGL_image_external GL_OES_depth24 GL_OES_depth32 GL_OES_element_index_uint GL_OES_texture_float GL_OES_texture_float_linear GL_OES_compressed_paletted_texture GL_OES_compressed_ETC1_RGB8_texture GL_OES_depth_texture GL_OES_texture_half_float GL_OES_texture_half_float_linear GL_OES_packed_depth_stencil GL_OES_vertex_half_float GL_OES_standard_derivatives GL_OES_texture_npot GL_OES_rgb8_rgba8 GL_EXT_color_buffer_float GL_EXT_color_buffer_half_float GL_EXT_texture_format_BGRA8888 GL_APPLE_texture_format_BGRA8888 
I1005 23:08:00.828471    5936 FrameBuffer.cpp:490] Graphics Device Extensions N/A
WARNING | The emulator now requires a signed jwt token for gRPC access! Use the -grpc flag if you really want an open unprotected grpc port
WARNING | *** Basic token auth should only be used by android-studio ***
I1005 23:08:01.938307   22864 FrameBuffer.cpp:3682] setDisplayConfigs w 480 h 900 dpiX 480 dpiY 480
I1005 23:08:01.945571   22864 FrameBuffer.cpp:3695] setDisplayActiveConfig 0
WARNING | Cold boot:  requested by the user
